
[1m[46m RUN [49m[22m [36mv4.0.18 [39m[90mE:/C4gt project setup/website/web4/bounce-game/frontend[39m

node.exe : [90mstderr[2m | 
__tests__/CourseHeader.test.tsx[2m > 
[22m[2mCourseHeader[2m > [22m[2mrenders the 
BeCurious title
At C:\Program Files\nodejs\npx.ps1:29 char:3
+   & $NODE_EXE $NPX_CLI_JS $args
+   ~~~~~~~~~~~~~~~~~~~~~~~~~~~~~
    + CategoryInfo          : NotSpecified: ([90mstderr 
   [2m...BeCurious title:String) [], RemoteException
    + FullyQualifiedErrorId : NativeCommandError
 
[22m[39mΓÜá∩╕Å React Router Future Flag Warning: React 
Router will begin wrapping state updates in 
`React.startTransition` in v7. You can use the 
`v7_startTransition` future flag to opt-in early. For 
more information, see https://reactrouter.com/v6/upgradin
g/future#v7_starttransition.
ΓÜá∩╕Å React Router Future Flag Warning: Relative route 
resolution within Splat routes is changing in v7. You 
can use the `v7_relativeSplatPath` future flag to opt-in 
early. For more information, see https://reactrouter.com/
v6/upgrading/future#v7_relativesplatpath.

 [31mΓ¥»[39m __tests__/CourseHeader.test.tsx [2m([22m[2m5 tests[22m[2m | [22m[31m1 failed[39m[2m)[22m[32m 170[2mms[22m[39m
     [32mΓ£ô[39m renders the BeCurious title[32m 102[2mms[22m[39m
     [32mΓ£ô[39m shows level number and progress[32m 17[2mms[22m[39m
     [32mΓ£ô[39m shows Sign In button when no user[32m 11[2mms[22m[39m
[31m     [31m├ù[31m shows user initials when logged in[39m[32m 25[2mms[22m[39m
     [32mΓ£ô[39m shows correct progress percentage[32m 10[2mms[22m[39m

[31mΓÄ»ΓÄ»ΓÄ»ΓÄ»ΓÄ»ΓÄ»ΓÄ»[39m[1m[41m Failed Tests 1 
[49m[22m[31mΓÄ»ΓÄ»ΓÄ»ΓÄ»ΓÄ»ΓÄ»ΓÄ»[39m

[41m[1m FAIL [22m[49m 
__tests__/CourseHeader.test.tsx[2m > 
[22mCourseHeader[2m > [22mshows user initials when 
logged in
[31m[1mTestingLibraryElementError[22m[39m: Unable to 
find an element with the text: AB. This could be because 
the text is broken up by multiple elements. In this 
case, you can provide a function for your text matcher 
to make your matcher more flexible.

Ignored nodes: comments, script, style
[36m<body>[39m
  [36m<div>[39m
    [36m<div[39m
      [33mclass[39m=[32m"fixed top-0 left-0 w-full 
p-3 sm:p-6 z-50 pointer-events-none flex justify-between 
items-start"[39m
    [36m>[39m
      [36m<div[39m
        [33mclass[39m=[32m"pointer-events-auto"[39m
      [36m>[39m
        [36m<h1[39m
          [33mclass[39m=[32m"text-xl sm:text-3xl 
font-bold tracking-tighter text-white flex items-center 
gap-2 cursor-pointer"[39m
        [36m>[39m
          [0mBeCurious[0m
        [36m</h1>[39m
        [36m<div[39m
          [33mclass[39m=[32m"flex gap-1 sm:gap-2 mt-2 
sm:mt-4"[39m
        [36m>[39m
          [36m<button[39m
            [33mclass[39m=[32m"text-[8px] 
sm:text-[10px] uppercase tracking-widest flex 
items-center gap-1 sm:gap-2 text-zinc-400 
hover:text-white transition-colors bg-zinc-900/80 px-2 
sm:px-4 py-1.5 sm:py-2 rounded-lg border border-white/5 
hover:border-white/20"[39m
          [36m>[39m
            [36m<svg[39m
              [33maria-hidden[39m=[32m"true"[39m
              [33mclass[39m=[32m"lucide 
lucide-house"[39m
              [33mfill[39m=[32m"none"[39m
              [33mheight[39m=[32m"10"[39m
              [33mstroke[39m=[32m"currentColor"[39m
              [33mstroke-linecap[39m=[32m"round"[39m
              [33mstroke-linejoin[39m=[32m"round"[39m
              [33mstroke-width[39m=[32m"2"[39m
              [33mviewBox[39m=[32m"0 0 24 24"[39m
              [33mwidth[39m=[32m"10"[39m
              
[33mxmlns[39m=[32m"http://www.w3.org/2000/svg"[39m
            [36m>[39m
              [36m<path[39m
                [33md[39m=[32m"M15 21v-8a1 1 0 0 
0-1-1h-4a1 1 0 0 0-1 1v8"[39m
              [36m/>[39m
              [36m<path[39m
                [33md[39m=[32m"M3 10a2 2 0 0 1 
.709-1.528l7-6a2 2 0 0 1 2.582 0l7 6A2 2 0 0 1 21 10v9a2 
2 0 0 1-2 2H5a2 2 0 0 1-2-2z"[39m
              [36m/>[39m
            [36m</svg>[39m
            [0m [0m
            [36m<span[39m
              [33mclass[39m=[32m"hidden 
sm:inline"[39m
            [36m>[39m
              [0mHome[0m
            [36m</span>[39m
          [36m</button>[39m
          [36m<button[39m
            [33mclass[39m=[32m"text-[8px] 
sm:text-[10px] uppercase tracking-widest flex 
items-center gap-1 sm:gap-2 text-zinc-400 
hover:text-white transition-colors bg-zinc-900/80 px-2 
sm:px-4 py-1.5 sm:py-2 rounded-lg border border-white/5 
hover:border-white/20"[39m
          [36m>[39m
            [36m<svg[39m
              [33maria-hidden[39m=[32m"true"[39m
              [33mclass[39m=[32m"lucide 
lucide-map"[39m
              [33mfill[39m=[32m"none"[39m
              [33mheight[39m=[32m"10"[39m
              [33mstroke[39m=[32m"currentColor"[39m
              [33mstroke-linecap[39m=[32m"round"[39m
              [33mstroke-linejoin[39m=[32m"round"[39m
              [33mstroke-width[39m=[32m"2"[39m
              [33mviewBox[39m=[32m"0 0 24 24"[39m
              [33mwidth[39m=[32m"10"[39m
              
[33mxmlns[39m=[32m"http://www.w3.org/2000/svg"[39m
            [36m>[39m
              [36m<path[39m
                [33md[39m=[32m"M14.106 5.553a2 2 0 0 
0 1.788 0l3.659-1.83A1 1 0 0 1 21 4.619v12.764a1 1 0 0 
1-.553.894l-4.553 2.277a2 2 0 0 1-1.788 0l-4.212-2.106a2 
2 0 0 0-1.788 0l-3.659 1.83A1 1 0 0 1 3 19.381V6.618a1 1 
0 0 1 .553-.894l4.553-2.277a2 2 0 0 1 1.788 0z"[39m
              [36m/>[39m
              [36m<path[39m
                [33md[39m=[32m"M15 5.764v15"[39m
              [36m/>[39m
              [36m<path[39m
                [33md[39m=[32m"M9 3.236v15"[39m
              [36m/>[39m
            [36m</svg>[39m
            [0m [0m
            [36m<span[39m
              [33mclass[39m=[32m"hidden 
sm:inline"[39m
            [36m>[39m
              [0mRoadmap[0m
            [36m</span>[39m
          [36m</button>[39m
          [36m<button[39m
            [33mclass[39m=[32m"text-[8px] 
sm:text-[10px] uppercase tracking-widest flex 
items-center gap-1 sm:gap-2 text-zinc-400 
hover:text-white transition-colors bg-zinc-900/80 px-2 
sm:px-4 py-1.5 sm:py-2 rounded-lg border border-white/5 
hover:border-white/20"[39m
          [36m>[39m
            [36m<div[39m
              [33mclass[39m=[32m"relative w-3 h-3 
sm:w-4 sm:h-4 select-none cursor-pointer 
hover:scale-110"[39m
              [33mstyle[39m=[32m"transform: 
rotate(0deg); transition: transform 0.6s 
ease-in-out;"[39m
            [36m>[39m
              [36m<div[39m
                [33mclass[39m=[32m"w-full h-full 
bg-white rounded-full animate-bounce flex flex-col 
items-center justify-center relative shadow-sm border 
border-zinc-200"[39m
              [36m>[39m
                [36m<div[39m
                  [33mclass[39m=[32m"flex 
justify-center items-center"[39m
                  [33mstyle[39m=[32m"transform: 
translate(0px, 0px); gap: 5px; height: 6px; 
margin-bottom: 2px;"[39m
                [36m>[39m
                  [36m<span[39m
                    [33mstyle[39m=[32m"width: 4px; 
height: 6px; background-color: black; border-radius: 
50%; transform: scaleY(1); transition: transform 0.1s 
ease;"[39m
                  [36m/>[39m
                  [36m<span[39m
                    [33mstyle[39m=[32m"width: 4px; 
height: 6px; background-color: black; border-radius: 
50%; transform: scaleY(1); transition: transform 0.1s 
ease;"[39m
                  [36m/>[39m
                [36m</div>[39m
                [36m<div[39m
                  [33mclass[39m=[32m"flex 
justify-center items-center"[39m
                  [33mstyle[39m=[32m"height: 
8px;"[39m
                [36m>[39m
                  [36m<div[39m
                    [33mstyle[39m=[32m"width: 
2.142857142857143px; height: 2.142857142857143px; 
background-color: black; border-radius: 50%; transition: 
all 0.7s ease-in-out;"[39m
                  [36m/>[39m
                [36m</div>[39m
              [36m</div>[39m
              [36m<div[39m
                [33mclass[39m=[32m"absolute 
-bottom-[10%] left-[15%] w-[70%] h-[15%] bg-black/50 
rounded-full blur-sm animate-pulse"[39m
              [36m/>[39m
            [36m</div>[39m
            [0m [0m
            [36m<span[39m
              [33mclass[39m=[32m"hidden 
sm:inline"[39m
            [36m>[39m
              [0mReview[0m
            [36m</span>[39m
          [36m</button>[39m
        [36m</div>[39m
      [36m</div>[39m
      [36m<div[39m
        [33mclass[39m=[32m"flex gap-2 sm:gap-3 
pointer-events-auto items-center"[39m
      [36m>[39m
        [36m<div[39m
          [33mclass[39m=[32m"bg-black/80 
backdrop-blur-md border border-white/10 px-2 sm:px-4 
py-1.5 sm:py-2 rounded-lg font-mono text-[8px] 
sm:text-[10px] uppercase tracking-widest text-zinc-400 
shadow-xl flex items-center gap-2"[39m
        [36m>[39m
          [36m<span[39m
            [33mclass[39m=[32m"text-white 
font-bold"[39m
          [36m>[39m
            [0mL[0m
            [0m1[0m
          [36m</span>[39m
          [36m<span[39m
            [33mclass[39m=[32m"hidden md:inline"[39m
          [36m>[39m
            [0mClient-Server Architecture[0m
          [36m</span>[39m
          [36m<span[39m
            [33mclass[39m=[32m"text-emerald-400 
border-l border-white/10 pl-2"[39m
          [36m>[39m
            [0m0[0m
            [0m%[0m
          [36m</span>[39m
        [36m</div>[39m
        [36m<button[39m
          [33mclass[39m=[32m"bg-gradient-to-br 
from-emerald-600 to-emerald-700 hover:from-emerald-500 
hover:to-emerald-600 border border-emerald-500/50 w-9 
h-9 rounded-full flex items-center justify-center 
transition-all shadow-lg group relative 
overflow-hidden"[39m
        [36m>[39m
          [36m<span[39m
            [33mclass[39m=[32m"text-white font-bold 
text-xs"[39m
          [36m>[39m
            [0mAL[0m
          [36m</span>[39m
        [36m</button>[39m
      [36m</div>[39m
    [36m</div>[39m
  [36m</div>[39m
[36m</body>[39m
[90m [2mΓ¥»[22m Object.getElementError node_modules/@t
esting-library/dom/dist/config.js:[2m37:19[22m[39m
[90m [2mΓ¥»[22m node_modules/@testing-library/dom/dist
/query-helpers.js:[2m76:38[22m[39m
[90m [2mΓ¥»[22m node_modules/@testing-library/dom/dist
/query-helpers.js:[2m52:17[22m[39m
[90m [2mΓ¥»[22m node_modules/@testing-library/dom/dist
/query-helpers.js:[2m95:19[22m[39m
[36m [2mΓ¥»[22m 
__tests__/CourseHeader.test.tsx:[2m49:23[22m[39m
    [90m 47| [39m            <CourseHeader 
{...defaultProps} currentUser={{ name: 'AlicΓÇª
    [90m 48| [39m        )[33m;[39m
    [90m 49| [39m        [34mexpect[39m(screen[33m.
[39m[34mgetByText[39m([32m'AB'[39m))[33m.[39m[34mt
oBeInTheDocument[39m()[33m;[39m
    [90m   | [39m                      [31m^[39m
    [90m 50| [39m    })[33m;[39m
    [90m 51| [39m

[31m[2mΓÄ»ΓÄ»ΓÄ»ΓÄ»ΓÄ»ΓÄ»ΓÄ»ΓÄ»ΓÄ»ΓÄ»ΓÄ»ΓÄ»ΓÄ»ΓÄ»ΓÄ»ΓÄ»
ΓÄ»ΓÄ»ΓÄ»ΓÄ»ΓÄ»ΓÄ»ΓÄ»ΓÄ»[1/1]ΓÄ»[22m[39m


[2m Test Files [22m [1m[31m1 failed[39m[22m[90m (1)[39m
[2m      Tests [22m [1m[31m1 failed[39m[22m[2m | [22m[1m[32m4 passed[39m[22m[90m (5)[39m
[2m   Start at [22m 15:42:43
[2m   Duration [22m 2.56s[2m (transform 194ms, setup 195ms, import 541ms, tests 170ms, environment 1.39s)[22m

